---
source: tests/fail.rs
expression: result.unwrap_err()
---
Error: soppo::nil_pointer

  × Potential nil pointer dereference
    ╭─[nil_nested_no_check.sop:23:21]
 22 │     if user != nil {
 23 │         fmt.Println(user.profile.bio)  // ERROR: profile may be nil
    ·                     ──────┬─────
    ·                           ╰── this pointer may be nil
 24 │     }
    ╰────
  help: check for nil first, or use .(!nil) to assert non-nil
