---
source: tests/multi.rs
expression: format_results(&results)
---
=== cmd/main.go ===
//soppo:generated v1
package main

import "fmt"
import "github.com/test/chain/pkgb"

func main() {
	fmt.Println(pkgb.GetB())
}



=== pkga/lib.go ===
//soppo:generated v1
package pkga

func GetA() int {
	return 1
}



=== pkgb/lib.go ===
//soppo:generated v1
package pkgb

import "github.com/test/chain/pkga"

func GetB() int {
	return pkga.GetA() + 1
}
