---
source: tests/multi.rs
expression: sanitise_error(& err)
---
soppo::nil_pointer

  × Potential nil pointer dereference
    ╭─[main.sop:11:18]
 10 │     // This should fail - Email is nilable, can't deref without nil check
 11 │     fmt.Println(*user.Email)
    ·                  ─────┬────
    ·                       ╰── this pointer may be nil
 12 │ }
    ╰────
  help: check for nil first, or use `.(!nil)` to assert non-nil
