---
source: tests/multi.rs
expression: format_results(&results)
---
=== cmd/main.go ===
//soppo:generated v1
package main

import "fmt"
import "github.com/test/simple/helpers"

func main() {
	result := helpers.Add(1, 2)
	fmt.Println(result)
}



=== helpers/lib.go ===
//soppo:generated v1
package helpers

func Add(a int, b int) int {
	return a + b
}
