---
source: tests/multi.rs
expression: sanitise_error(&err)
---
soppo::type_error

  × Type error: `DoSomething` not found in package `nonexistent`
   ╭─[main.sop:6:14]
 5 │ func main() {
 6 │     nonexistent.DoSomething()
   ·                 ─────┬─────
   ·                      ╰── error occurred here
 7 │ }
   ╰────
