---
source: tests/multi.rs
expression: sanitise_error(& err)
---
soppo::circular_dependency

  × Circular dependency detected
  │ 
  │   pkga/lib.sop imports "github.com/test/circular/pkgb"
  │     ↓
  │   pkgb/lib.sop imports "github.com/test/circular/pkga"
  help: break the cycle by extracting shared code into a separate package
