---
source: tests/multi.rs
expression: sanitise_error(&err)
---
soppo::module_resolution

  × Cannot resolve module `github.com/test/missing/nonexistent`
   ╭─[main.sop:3:8]
 2 │ 
 3 │ import "github.com/test/missing/nonexistent"
   ·        ──────────────────┬──────────────────
   ·                          ╰── module cannot be resolved
 4 │ 
   ╰────
  help: Check the import path, or create `nonexistent/` with .sop files
