---
source: tests/pass.rs
expression: output
---
package main

import "fmt"
import "errors"

// === Helper functions that return errors ===
func parsePort(s string) (int, error) {
    if (s == "") {
        return 0, errors.New("empty string")
    }
    return 8080, nil
}

func deleteFile(path string) error {
    if (path == "") {
        return errors.New("empty path")
    }
    return nil
}

func getConfig() (string, string, error) {
    return "host", "port", nil
}

type User struct {
    name string
    age int
}

func getUser(id int) (*User, error) {
    if (id <= 0) {
        return nil, errors.New("invalid id")
    }
    u := User{}
    u.name = "Alice"
    u.age = 30
    return (&u), nil
}

// === Simple ? propagation ===
func simplePropagate() error {
    port, _err0 := parsePort("8080")
    if _err0 != nil {
        return _err0
    }
    fmt.Println(port)
    return nil
}

// === Custom handler without error access ===
func customHandler() error {
    port, _err0 := parsePort("")
    if _err0 != nil {
        return errors.New("custom error: parse failed")
    }
    fmt.Println(port)
    return nil
}

// === Custom handler with named error ===
func namedError() error {
    port, _err0 := parsePort("")
    if _err0 != nil {
        parseErr := _err0
        return fmt.Errorf("parse failed: %v", parseErr)
    }
    fmt.Println(port)
    return nil
}

// === Error-only return ===
func errorOnly() error {
    _err0 := deleteFile("/tmp/test")
    if _err0 != nil {
        return _err0
    }
    return nil
}

// === Multi-value return with ? ===
func multiReturn() error {
    host, port, _err0 := getConfig()
    if _err0 != nil {
        return _err0
    }
    fmt.Println(host, port)
    return nil
}

// === Nil safety: pointer is non-null after ? ===
func nilSafety() error {
    user, _err0 := getUser(1)
    if _err0 != nil {
        return _err0
    }
    // After ?, user is known to be non-nil
    fmt.Println(user.name)
    return nil
}

// === Multiple ? in same function ===
func multipleTry() error {
    port, _err0 := parsePort("8080")
    if _err0 != nil {
        return _err0
    }
    _err1 := deleteFile("/tmp/test")
    if _err1 != nil {
        return _err1
    }
    user, _err2 := getUser(1)
    if _err2 != nil {
        return _err2
    }
    fmt.Printf("port=%d, user=%s\n", port, user.name)
    return nil
}

// === ? with int return ===
func tryWithIntReturn() (int, error) {
    port, _err0 := parsePort("8080")
    if _err0 != nil {
        return 0, _err0
    }
    return port, nil
}

// === ? with string return ===
func tryWithStringReturn() (string, error) {
    user, _err0 := getUser(1)
    if _err0 != nil {
        return "", _err0
    }
    return user.name, nil
}

// === ? with struct return ===
func tryWithStructReturn() (User, error) {
    user, _err0 := getUser(1)
    if _err0 != nil {
        return User{}, _err0
    }
    return (*user), nil
}

func main() {
    simplePropagate()
    customHandler()
    namedError()
    errorOnly()
    multiReturn()
    nilSafety()
    multipleTry()
    tryWithIntReturn()
    tryWithStringReturn()
    tryWithStructReturn()
}
