---
source: tests/single.rs
expression: result.unwrap_err()
---
Error: soppo::interface_not_satisfied

  × Type `MyInt` does not satisfy interface `Stringer`
    ╭─[interface_not_satisfied.sop:12:22]
 11 │ func main() {
 12 │     var s Stringer = MyInt(42)
    ·                      ────┬────
    ·                          ╰── does not satisfy `Stringer`
 13 │     _ = s
    ╰────
  help: missing method `String`
