---
source: tests/fail.rs
expression: result.unwrap_err()
---
Error: soppo::try_no_error_return

  × `?` requires enclosing function to return error
    ╭─[try_no_return_error.sop:11:31]
 10 │ func noErrorReturn() int {
 11 │     port := parsePort("8080") ?
    ·                               ┬
    ·                               ╰── `?` cannot be used here
 12 │     return port
    ╰────
  help: add `error` as the last return type of this function
