---
source: tests/single.rs
expression: result.unwrap_err()
---
Error: soppo::type_mismatch

  × Mismatched types
   ╭─[duration_string_mul.sop:8:29]
 7 │     // Duration * string should fail - string is not compatible with int64
 8 │     d := time.Millisecond * "hello"
   ·                             ───┬───
   ·                                ╰── expected `time.Duration`, found `string`
 9 │     fmt.Println(d)
   ╰────
  help: Change this expression to produce `time.Duration`, or change the
        expected type
