---
source: tests/fail.rs
expression: result.unwrap_err()
---
Error: soppo::type_mismatch

  × Mismatched types
   ╭─[assign_wrong_type.sop:3:5]
 2 │     x := 42
 3 │     x = "not an int"
   ·     ────────┬───────
   ·             ╰── expected `int`, found `string`
 4 │     return x
   ╰────
  help: Change this expression to produce `int`, or change the expected type
