---
source: tests/single.rs
expression: result.unwrap_err()
---
Error: soppo::nil_to_non_nilable

  × Cannot assign `nil` to non-nilable type `*User`
    ╭─[nil_return_to_nonnull.sop:11:12]
 10 │     }
 11 │     return nil
    ·            ─┬─
    ·             ╰── cannot be nil
 12 │ }
    ╰────
  help: use `?*User` for a nilable type
