---
source: tests/single.rs
expression: result.unwrap_err()
---
Error: soppo::nil_to_non_nilable

  × Cannot assign `nil` to non-nilable type `*User`
    ╭─[nil_nested_no_check.sop:15:12]
 14 │ func getUser() *User {
 15 │     return nil
    ·            ─┬─
    ·             ╰── cannot be nil
 16 │ }
    ╰────
  help: use `?*User` for a nilable type

Error: soppo::nil_pointer

  × Potential nil pointer dereference
    ╭─[nil_nested_no_check.sop:23:21]
 22 │     if user != nil {
 23 │         fmt.Println(user.profile.bio)  // ERROR: profile may be nil
    ·                     ──────┬─────
    ·                           ╰── this pointer may be nil
 24 │     }
    ╰────
  help: check for nil first, or use `.(!nil)` to assert non-nil
