---
source: tests/single.rs
expression: result.unwrap_err()
---
Error: soppo::nil_to_non_nilable

  × Cannot assign `nil` to non-nilable type `*User`
    ╭─[nil_func_arg.sop:12:13]
 11 │ func main() {
 12 │     process(nil)
    ·             ─┬─
    ·              ╰── cannot be nil
 13 │ }
    ╰────
  help: use `?*User` for a nilable type
