---
source: tests/single.rs
expression: result.unwrap_err()
---
Error: soppo::nil_to_non_nilable

  × Cannot assign `nil` to non-nilable type `*User`
    ╭─[nil_chan_send.sop:9:11]
  8 │     ch := make(chan *User)
  9 │     ch <- nil
    ·           ─┬─
    ·            ╰── cannot be nil
 10 │ }
    ╰────
  help: use `?*User` for a nilable type
