---
source: tests/sniff.rs
expression: output
---
  ⚠ Consider using the `?` operator
    ╭─[try_operator.sop:18:2]
 17 │         port, err := parsePort("8080")
 18 │ ╭─▶     if err != nil {
 19 │ │           return "", err
 20 │ ├─▶     }
    · ╰──── use `?` instead
 21 │         return "Connected on port {port}", nil
    ╰────
  help: replace `if err != nil { ... }` with `?`


  ⚠ Consider using the `?` operator
    ╭─[try_operator.sop:33:2]
 32 │         _, err := parsePort("8080")
 33 │ ╭─▶     if err != nil {
 34 │ │           return err
 35 │ ├─▶     }
    · ╰──── use `?` instead
 36 │     
    ╰────
  help: replace `if err != nil { ... }` with `?`


  ⚠ Consider using the `?` operator
    ╭─[try_operator.sop:38:2]
 37 │         _, err2 := parsePort("9000")
 38 │ ╭─▶     if err2 != nil {
 39 │ │           return err2
 40 │ ├─▶     }
    · ╰──── use `?` instead
 41 │     
    ╰────
  help: replace `if err2 != nil { ... }` with `?`


  ⚠ Consider using the `?` operator
    ╭─[try_operator.sop:47:2]
 46 │     func shortCircuit() error {
 47 │ ╭─▶     if _, err := parsePort("8080"); err != nil {
 48 │ │           return err
 49 │ ├─▶     }
    · ╰──── use `?` instead
 50 │         return nil
    ╰────
  help: replace `if err := ...; err != nil { ... }` with `? err { ... }`


  ⚠ Consider using the `?` operator
    ╭─[try_operator.sop:55:2]
 54 │         result, err := connect()
 55 │ ╭─▶     if err != nil {
 56 │ │           fmt.Println("Error: {err}")
 57 │ │           return
 58 │ ├─▶     }
    · ╰──── use `?` instead
 59 │         fmt.Println(result)
    ╰────
  help: replace `if err != nil { ... }` with `?`
